                                                       
                                                       
                                                       
                                                       
                                                       
                                                       
                                                       
                                                       
                                                       
                                                       
                         - - - - - -       - - - - -   
                        |XXXXXXX|XXXX     |XXXXXXXXX|  
                         - - X - X -       X - - - X   
                        |XXIXXXXXX|       |XXXXXXXXX|  
                         X - - - X   - -   - X - - X   
                        |XXX|       |XXX|   |XXX|XXX|  
                         - X       - X X -   - X - X   
                          |X|     |XXX|X|X| XXXX|XXX|  
                         - X - - - X - X X - X X - X   
                        |XXX|XXXXXXX|X|X|XXXXX|XXXXX|  
                         X - X - - - X X X - - X - X   
                        |X|X|X|XXXXXXX|XXX|XXXXXXXXX|  
                         X X X X - - X - - X - - - X   
                        |XXXXXXXXXXX|XXXXXXXXXXXXXXX|  
                         - - - - - - - - - - - - - -   
                                                       
                                                       
