                                                       
                                                       
                                                       
                                                       
                                                       
                                                       
                                                       
                                                       
                                                       
                                                       
                         - - - - - - - - -             
                        |XXXXXXX|XXXXXXXXX|            
                         - - X - X - - - X             
                          X0XXXXXX|     |X|            
                           - - - X   - - X -           
                                    |XXX|XXX|          
                                   - X X - X -         
                                  |XXX|X|1|XXXX        
                             - - - - X X X - X         
                            XXXXXXXXXX|X|XXXXX|        
                             X - - - - X X - -         
                            XX|       |XXX|            
                             X         - -             
                                                       
                                                       
                                                       
                                                       
